---
source: crates/data-dict-parquet/tests/describe.rs
expression: "sanitize(&text, &path)"
---
<file>.parquet: 102 rows × 1 column

hits — number
  [ 1,  18]  ████████████  100
  (18,  35]                  0
  (35,  52]                  0
  (52,  69]                  0
  (69,  86]                  0
  (86, 103]  ▎               2
  ----------------------------
  distinct:                  2
  missing:                   0
