---
source: crates/data-dict-parquet/tests/describe.rs
expression: "sanitize(&description.to_string(), &path)"
---
<file>.parquet: 9 rows × 4 columns

species — string
  Adelie     4
  Gentoo     3
  Chinstrap  2
  ------------
  distinct:  3
  missing:   0

bill_length_mm — number
  [36.7, 41.3]  ████████████  3
  (41.3, 45.9]                0
  (45.9, 50.4]  ████████████  3
  (50.4, 55.0]                0
  (55.0, 59.6]  ████          1
  -----------------------------
  missing:                    2 (22.2%)

body_mass_g — number
  [3250, 3860]  ████████████  6
  (3860, 4470]                0
  (4470, 5080]  ████          2
  (5080, 5690]                0
  (5690, 6300]  ██            1
  -----------------------------
  distinct:                   9
  missing:                    0

alive — boolean
  true       7
  false      2
  ------------
  distinct:  2
  missing:   0
