---
source: crates/data-dict-parquet/tests/describe.rs
expression: "sanitize(&text, &path)"
---
<file>.parquet: 102 rows × 1 column

hits — number
  [ 1,   6]  ████████████  100
  ( 6,  11]                  0
  (11,  16]                  0
  (16,  21]                  0
  (21,  26]                  0
  (26,  31]                  0
  (31,  36]                  0
  (36,  41]                  0
  (41,  46]                  0
  (46,  51]                  0
  (51,  56]                  0
  (56,  61]                  0
  (61,  66]                  0
  (66,  71]                  0
  (71,  76]                  0
  (76,  81]                  0
  (81,  86]                  0
  (86,  91]                  0
  (91,  96]                  0
  (96, 101]  ▎               2
  ----------------------------
  distinct:                  2
  missing:                   0
