---
source: crates/data-dict-parquet/tests/describe.rs
expression: "sanitize(&description.to_string(), &path)"
---
<file>.parquet: 9 rows × 4 columns

species — string
  Adelie     4
  Gentoo     3
  Chinstrap  2
  ------------
  distinct:  3
  missing:   0

bill_length_mm — number
  [36.7, 37.8]  ██████        1
  (37.8, 39.0]                0
  (39.0, 40.1]  ████████████  2
  (40.1, 41.3]                0
  (41.3, 42.4]                0
  (42.4, 43.6]                0
  (43.6, 44.7]                0
  (44.7, 45.9]                0
  (45.9, 47.0]  ██████        1
  (47.0, 48.2]                0
  (48.2, 49.3]  ██████        1
  (49.3, 50.4]  ██████        1
  (50.4, 51.6]                0
  (51.6, 52.7]                0
  (52.7, 53.9]                0
  (53.9, 55.0]                0
  (55.0, 56.2]                0
  (56.2, 57.3]                0
  (57.3, 58.5]                0
  (58.5, 59.6]  ██████        1
  -----------------------------
  missing:                    2 (22.2%)

body_mass_g — number
  [3250, 3403]  ██████        1
  (3403, 3556]  ██████        1
  (3556, 3709]  ████████████  2
  (3709, 3862]  ████████████  2
  (3862, 4015]                0
  (4015, 4168]                0
  (4168, 4321]                0
  (4321, 4474]                0
  (4474, 4627]                0
  (4627, 4780]  ██████        1
  (4780, 4933]  ██████        1
  (4933, 5086]                0
  (5086, 5239]                0
  (5239, 5392]                0
  (5392, 5545]                0
  (5545, 5698]                0
  (5698, 5851]                0
  (5851, 6004]                0
  (6004, 6157]                0
  (6157, 6310]  ██████        1
  -----------------------------
  distinct:                   9
  missing:                    0

alive — boolean
  true       7
  false      2
  ------------
  distinct:  2
  missing:   0
