---
source: crates/data-dict-parquet/tests/describe.rs
expression: "sanitize(&json, &path)"
---
{
  "path": "<file>.parquet",
  "rows": 6,
  "columns": [
    {
      "name": "population",
      "type": "number",
      "parquet_type": "INT64",
      "distinct": {
        "exact": 6
      },
      "missing": 0,
      "min": 1,
      "max": 999999999999,
      "histogram": {
        "bins": [
          {
            "lower": 1,
            "upper": 50000000001,
            "count": 5
          },
          {
            "lower": 50000000001,
            "upper": 100000000001,
            "count": 0
          },
          {
            "lower": 100000000001,
            "upper": 150000000001,
            "count": 0
          },
          {
            "lower": 150000000001,
            "upper": 200000000001,
            "count": 0
          },
          {
            "lower": 200000000001,
            "upper": 250000000001,
            "count": 0
          },
          {
            "lower": 250000000001,
            "upper": 300000000001,
            "count": 0
          },
          {
            "lower": 300000000001,
            "upper": 350000000001,
            "count": 0
          },
          {
            "lower": 350000000001,
            "upper": 400000000001,
            "count": 0
          },
          {
            "lower": 400000000001,
            "upper": 450000000001,
            "count": 0
          },
          {
            "lower": 450000000001,
            "upper": 500000000001,
            "count": 0
          },
          {
            "lower": 500000000001,
            "upper": 550000000001,
            "count": 0
          },
          {
            "lower": 550000000001,
            "upper": 600000000001,
            "count": 0
          },
          {
            "lower": 600000000001,
            "upper": 650000000001,
            "count": 0
          },
          {
            "lower": 650000000001,
            "upper": 700000000001,
            "count": 0
          },
          {
            "lower": 700000000001,
            "upper": 750000000001,
            "count": 0
          },
          {
            "lower": 750000000001,
            "upper": 800000000001,
            "count": 0
          },
          {
            "lower": 800000000001,
            "upper": 850000000001,
            "count": 0
          },
          {
            "lower": 850000000001,
            "upper": 900000000001,
            "count": 0
          },
          {
            "lower": 900000000001,
            "upper": 950000000001,
            "count": 0
          },
          {
            "lower": 950000000001,
            "upper": 1000000000001,
            "count": 1
          }
        ],
        "nan_count": 0
      },
      "examples": [
        1,
        1000000000,
        2500000000,
        7800000000,
        8100000000,
        999999999999
      ]
    },
    {
      "name": "budget",
      "type": "number",
      "parquet_type": "DOUBLE",
      "missing": 0,
      "min": 1.0,
      "max": 999900000000000.0,
      "histogram": {
        "bins": [
          {
            "lower": 1.0,
            "upper": 49995000000001.0,
            "count": 5
          },
          {
            "lower": 49995000000001.0,
            "upper": 99990000000001.0,
            "count": 0
          },
          {
            "lower": 99990000000001.0,
            "upper": 149985000000001.0,
            "count": 0
          },
          {
            "lower": 149985000000001.0,
            "upper": 199980000000001.0,
            "count": 0
          },
          {
            "lower": 199980000000001.0,
            "upper": 249975000000001.0,
            "count": 0
          },
          {
            "lower": 249975000000001.0,
            "upper": 299970000000001.0,
            "count": 0
          },
          {
            "lower": 299970000000001.0,
            "upper": 349965000000001.0,
            "count": 0
          },
          {
            "lower": 349965000000001.0,
            "upper": 399960000000001.0,
            "count": 0
          },
          {
            "lower": 399960000000001.0,
            "upper": 449955000000001.0,
            "count": 0
          },
          {
            "lower": 449955000000001.0,
            "upper": 499950000000001.0,
            "count": 0
          },
          {
            "lower": 499950000000001.0,
            "upper": 549945000000001.0,
            "count": 0
          },
          {
            "lower": 549945000000001.0,
            "upper": 599940000000001.0,
            "count": 0
          },
          {
            "lower": 599940000000001.0,
            "upper": 649935000000000.0,
            "count": 0
          },
          {
            "lower": 649935000000000.0,
            "upper": 699930000000000.0,
            "count": 0
          },
          {
            "lower": 699930000000000.0,
            "upper": 749925000000000.0,
            "count": 0
          },
          {
            "lower": 749925000000000.0,
            "upper": 799920000000000.0,
            "count": 0
          },
          {
            "lower": 799920000000000.0,
            "upper": 849915000000000.0,
            "count": 0
          },
          {
            "lower": 849915000000000.0,
            "upper": 899910000000000.0,
            "count": 0
          },
          {
            "lower": 899910000000000.0,
            "upper": 949905000000000.0,
            "count": 0
          },
          {
            "lower": 949905000000000.0,
            "upper": 999900000000000.0,
            "count": 1
          }
        ],
        "nan_count": 0
      },
      "examples": [
        1.0,
        1000000000000.0,
        2500000000000.0,
        7800000000000.0,
        8100000000000.0,
        999900000000000.0
      ]
    }
  ]
}
