---
source: crates/data-dict-parquet/tests/describe.rs
expression: "sanitize(&json, &path)"
---
{
  "path": "<file>.parquet",
  "rows": 9,
  "columns": [
    {
      "name": "species",
      "type": "string",
      "parquet_type": "BYTE_ARRAY",
      "distinct": {
        "exact": 3
      },
      "missing": 0,
      "value_counts": [
        {
          "value": "Adelie",
          "count": 4
        },
        {
          "value": "Gentoo",
          "count": 3
        },
        {
          "value": "Chinstrap",
          "count": 2
        }
      ],
      "examples": [
        "Adelie",
        "Chinstrap",
        "Gentoo"
      ]
    },
    {
      "name": "bill_length_mm",
      "type": "number",
      "parquet_type": "DOUBLE",
      "missing": 2,
      "min": 36.7,
      "max": 59.6,
      "histogram": {
        "bins": [
          {
            "lower": 36.7,
            "upper": 41.3,
            "count": 3
          },
          {
            "lower": 41.3,
            "upper": 45.9,
            "count": 0
          },
          {
            "lower": 45.9,
            "upper": 50.4,
            "count": 3
          },
          {
            "lower": 50.4,
            "upper": 55.0,
            "count": 0
          },
          {
            "lower": 55.0,
            "upper": 59.6,
            "count": 1
          }
        ],
        "nan_count": 0
      },
      "examples": [
        36.7,
        39.1,
        39.5,
        46.5,
        48.7,
        50.0,
        59.6
      ]
    },
    {
      "name": "body_mass_g",
      "type": "number",
      "parquet_type": "INT64",
      "distinct": {
        "exact": 9
      },
      "missing": 0,
      "min": 3250,
      "max": 6300,
      "histogram": {
        "bins": [
          {
            "lower": 3250,
            "upper": 3860,
            "count": 6
          },
          {
            "lower": 3860,
            "upper": 4470,
            "count": 0
          },
          {
            "lower": 4470,
            "upper": 5080,
            "count": 2
          },
          {
            "lower": 5080,
            "upper": 5690,
            "count": 0
          },
          {
            "lower": 5690,
            "upper": 6300,
            "count": 1
          }
        ],
        "nan_count": 0
      },
      "examples": [
        3250,
        3450,
        3625,
        3650,
        3750,
        3800,
        4675,
        4850,
        6300
      ]
    },
    {
      "name": "alive",
      "type": "boolean",
      "parquet_type": "BOOLEAN",
      "distinct": {
        "exact": 2
      },
      "missing": 0,
      "value_counts": [
        {
          "value": true,
          "count": 7
        },
        {
          "value": false,
          "count": 2
        }
      ],
      "examples": [
        false,
        true
      ]
    }
  ]
}
