---
source: crates/data-dict-parquet/tests/describe.rs
expression: "sanitize(&description.to_string(), &path)"
---
<file>.parquet: 9 rows × 4 columns

species — string (BYTE_ARRAY)
  distinct   3
  Adelie     ▇▇▇▇▇▇▇▇▇▇▇▇  4
  Gentoo     ▇▇▇▇▇▇▇▇▇     3
  Chinstrap  ▇▇▇▇▇▇        2
  missing                  0

bill_length_mm — number (DOUBLE)
  36.7 – 37.8  ▇▇▇▇▇▇        1
  37.8 – 39.0                0
  39.0 – 40.1  ▇▇▇▇▇▇▇▇▇▇▇▇  2
  40.1 – 41.3                0
  41.3 – 42.4                0
  42.4 – 43.6                0
  43.6 – 44.7                0
  44.7 – 45.9                0
  45.9 – 47.0  ▇▇▇▇▇▇        1
  47.0 – 48.2                0
  48.2 – 49.3  ▇▇▇▇▇▇        1
  49.3 – 50.4  ▇▇▇▇▇▇        1
  50.4 – 51.6                0
  51.6 – 52.7                0
  52.7 – 53.9                0
  53.9 – 55.0                0
  55.0 – 56.2                0
  56.2 – 57.3                0
  57.3 – 58.5                0
  58.5 – 59.6  ▇▇▇▇▇▇        1
  missing      ▇▇▇▇▇▇▇▇▇▇▇▇  2 (22.2%)

body_mass_g — number (INT64)
  distinct   9
  3250 – 3403  ▇▇▇▇▇▇        1
  3403 – 3555  ▇▇▇▇▇▇        1
  3555 – 3708  ▇▇▇▇▇▇▇▇▇▇▇▇  2
  3708 – 3860  ▇▇▇▇▇▇▇▇▇▇▇▇  2
  3860 – 4013                0
  4013 – 4165                0
  4165 – 4318                0
  4318 – 4470                0
  4470 – 4623                0
  4623 – 4775  ▇▇▇▇▇▇        1
  4775 – 4928  ▇▇▇▇▇▇        1
  4928 – 5080                0
  5080 – 5233                0
  5233 – 5385                0
  5385 – 5538                0
  5538 – 5690                0
  5690 – 5843                0
  5843 – 5995                0
  5995 – 6148                0
  6148 – 6300  ▇▇▇▇▇▇        1
  missing                    0

alive — boolean (BOOLEAN)
  distinct   2
  true     ▇▇▇▇▇▇▇▇▇▇▇▇  7
  false    ▇▇▇           2
  missing                0
