---
source: crates/data-dict/tests/draft.rs
expression: "draft_new(&dir, &[first, second])"
---
$version: 0.1.0
$learn_more: https://data-dict.tidyverse.org/

description: >
  TODO: describe the dataset as a whole.

tables:
  - name: otters
    source:
      parquet: data/otters.parquet
    description: >
      TODO: what's the grain? what's the population? how was the data collected?
    columns:
      - name: otter_id
        type: number(id)
        # TODO: no missing values observed — uncomment or delete:
        # constraints: [required]
        description: >
          TODO: what does this column mean?
        examples: [1, 2]

  - name: pups
    source:
      parquet: data/pups.parquet
    description: >
      TODO: what's the grain? what's the population? how was the data collected?
    columns:
      - name: pup_count
        type: number
        # TODO: no missing values observed — uncomment or delete:
        # constraints: [required]
        description: >
          TODO: what does this column mean?
        examples: [0, 1, 2]
