---
source: crates/data-dict/tests/export.rs
expression: "serde_json::to_string_pretty(&export.unwrap()).unwrap()"
---
{
  "$version": "0.1.0",
  "learn_more": "http://data-dict.tidyverse.org/",
  "tables": [
    {
      "name": "animals",
      "source": {
        "parquet": "data.parquet"
      },
      "rows": 3,
      "columns": [
        {
          "name": "id",
          "type": "number(id)",
          "constraints": [
            "primary_key",
            "unique",
            "required"
          ],
          "examples": [
            1
          ],
          "profile": {
            "distinct": {
              "count": 3,
              "approximate": false
            },
            "missing": 0,
            "range": {
              "min": 1,
              "max": 3
            },
            "sample_values": [
              1,
              2,
              3
            ],
            "histogram": {
              "bins": [
                {
                  "min": 1,
                  "max": 2,
                  "count": 2,
                  "closed": "both"
                },
                {
                  "min": 2,
                  "max": 3,
                  "count": 1,
                  "closed": "right"
                }
              ]
            }
          }
        },
        {
          "name": "name",
          "type": "string",
          "examples": [
            "otter"
          ],
          "profile": {
            "distinct": {
              "count": 2,
              "approximate": false
            },
            "missing": 0,
            "sample_values": [
              "otter",
              "seal"
            ],
            "common_values": {
              "approximate": false,
              "values": [
                {
                  "value": "otter",
                  "count": 2
                },
                {
                  "value": "seal",
                  "count": 1
                }
              ]
            }
          }
        },
        {
          "name": "weight",
          "type": "number(quantity)",
          "units": "kg",
          "range": {
            "min": 0,
            "max": 10
          },
          "profile": {
            "missing": 1,
            "range": {
              "min": 1.0,
              "max": 4.0
            },
            "sample_values": [
              1.0,
              4.0
            ],
            "histogram": {
              "bins": [
                {
                  "min": 1.0,
                  "max": 1.6,
                  "count": 1,
                  "closed": "both"
                },
                {
                  "min": 1.6,
                  "max": 2.2,
                  "count": 0,
                  "closed": "right"
                },
                {
                  "min": 2.2,
                  "max": 2.8,
                  "count": 0,
                  "closed": "right"
                },
                {
                  "min": 2.8,
                  "max": 3.4,
                  "count": 0,
                  "closed": "right"
                },
                {
                  "min": 3.4,
                  "max": 4.0,
                  "count": 1,
                  "closed": "right"
                }
              ]
            }
          }
        }
      ]
    }
  ]
}
