---
source: crates/data-dict/tests/report.rs
---
{
  "$version": "0.1.0",
  "run": {
    "dictionary": "data-dict.yaml",
    "level": "meta",
    "generated_at": "2026-01-01T00:00:00Z",
    "tool": {
      "name": "data-dict",
      "version": "0.0.0"
    }
  },
  "status": "ok",
  "steps": [
    {
      "id": 1,
      "code": "M04",
      "table": "otters",
      "outcome": "pass",
      "row_count": 2,
      "failed_row_count": 0
    },
    {
      "id": 2,
      "code": "M01",
      "table": "otters",
      "columns": [
        "name"
      ],
      "outcome": "pass",
      "row_count": 2,
      "failed_row_count": 0
    },
    {
      "id": 3,
      "code": "M01",
      "table": "otters",
      "columns": [
        "weight"
      ],
      "outcome": "pass",
      "row_count": 2,
      "failed_row_count": 0
    }
  ],
  "problems": []
}
