---
source: crates/data-dict/tests/translate.rs
expression: "serde_json::to_string_pretty(&translations).unwrap()"
---
[
  {
    "expr": "nchar(postcode) <= 10",
    "language": "r",
    "canonical": "LENGTH(postcode) <= 10",
    "notes": [
      "R reads a NaN as missing, so comparing against one gives NA where data-dict answers false; a row holding one passes here and is reported there."
    ],
    "table": "survey",
    "type": "boolean",
    "columns": [
      "postcode"
    ],
    "translations": [
      {
        "target": "data-dict",
        "code": "LENGTH(postcode) <= 10",
        "notes": []
      }
    ]
  }
]
